exports[`ChangeEmailScreen render authen 1`] = `
<View
  style={
    Object {
      "backgroundColor": "rgb(250, 250, 250)",
      "flex": 1,
    }
  }>
  <Modal
    transparent={true}
    visible={false}>
    <View
      style={
        Object {
          "alignItems": "center",
          "backgroundColor": "rgba(255, 255, 255, 0.6)",
          "flex": 1,
          "justifyContent": "center",
        }
      }>
      <ActivityIndicator
        animating={true}
        color="#999999"
        hidesWhenStopped={true}
        size="large"
        style={
          Array [
            Object {
              "height": 80,
            },
          ]
        } />
    </View>
  </Modal>
  <View
    style={
      Array [
        Object {
          "alignItems": "center",
          "backgroundColor": "white",
          "flexDirection": "row",
          "height": 60,
          "justifyContent": "space-between",
          "paddingTop": 15,
          "width": 750,
        },
        Object {
          "borderBottomWidth": 1,
          "borderColor": "#eeeeee",
        },
      ]
    }>
    <View
      style={
        Array [
          Object {
            "alignItems": "flex-start",
            "flex": 1,
            "paddingLeft": 10,
          },
          undefined,
        ]
      }>
      <View
        accessibilityComponentType={undefined}
        accessibilityLabel={undefined}
        accessibilityTraits={undefined}
        accessible={true}
        hitSlop={undefined}
        onLayout={undefined}
        onResponderGrant={[Function]}
        onResponderMove={[Function]}
        onResponderRelease={[Function]}
        onResponderTerminate={[Function]}
        onResponderTerminationRequest={[Function]}
        onStartShouldSetResponder={[Function]}
        style={
          Object {
            "opacity": 1,
          }
        }
        testID={undefined}>
        <Image
          source={1}
          style={
            Object {
              "height": 20,
              "resizeMode": "contain",
            }
          } />
      </View>
    </View>
    <View
      style={
        Array [
          Object {
            "alignItems": "center",
            "flex": 4,
          },
          undefined,
        ]
      }>
      <Text
        accessible={true}
        allowFontScaling={true}
        ellipsizeMode="tail"
        style={
          Array [
            Object {
              "fontSize": 22,
              "fontWeight": "bold",
            },
            Object {
              "color": "rgb(249, 65, 92)",
              "fontSize": 22,
              "fontWeight": "bold",
            },
          ]
        }>
        เปลี่ยน Email
      </Text>
    </View>
    <View
      style={
        Array [
          Object {
            "alignItems": "flex-end",
            "flex": 1,
            "paddingRight": 10,
          },
          undefined,
        ]
      }>
      <View
        accessibilityComponentType={undefined}
        accessibilityLabel={undefined}
        accessibilityTraits={undefined}
        accessible={true}
        hitSlop={undefined}
        onLayout={undefined}
        onResponderGrant={[Function]}
        onResponderMove={[Function]}
        onResponderRelease={[Function]}
        onResponderTerminate={[Function]}
        onResponderTerminationRequest={[Function]}
        onStartShouldSetResponder={[Function]}
        style={
          Object {
            "opacity": 1,
          }
        }
        testID={undefined} />
    </View>
  </View>
  <View
    style={
      Array [
        Object {
          "alignItems": "center",
          "backgroundColor": "rgb(250, 250, 250)",
          "flex": 1,
        },
        undefined,
      ]
    }>
    <View
      style={
        Object {
          "flex": 1,
        }
      } />
    <View
      style={
        Object {
          "flex": 8,
        }
      }>
      <Text
        accessible={true}
        allowFontScaling={true}
        ellipsizeMode="tail"
        style={
          Object {
            "alignSelf": "center",
            "color": "red",
            "margin": 10,
          }
        } />
      <View
        style={
          Object {
            "backgroundColor": "rgba(255, 255, 255, 0.8)",
            "borderColor": "#eeeeee",
            "borderRadius": 10,
            "borderWidth": 0.5,
            "height": 80,
            "padding": 20,
            "width": 300,
          }
        }>
        <TextInput
          onChangeText={[Function]}
          placeholder="current password"
          secureTextEntry={true}
          style={
            Object {
              "flex": 1,
              "height": 40,
            }
          }
          value="" />
      </View>
      <View
        style={
          Object {
            "padding": 60,
          }
        }>
        <View
          accessibilityComponentType={undefined}
          accessibilityLabel={undefined}
          accessibilityTraits="button"
          accessible={true}
          hitSlop={undefined}
          onLayout={undefined}
          onResponderGrant={[Function]}
          onResponderMove={[Function]}
          onResponderRelease={[Function]}
          onResponderTerminate={[Function]}
          onResponderTerminationRequest={[Function]}
          onStartShouldSetResponder={[Function]}
          style={
            Object {
              "height": 50,
              "opacity": 1,
            }
          }
          testID={undefined}>
          <BVLinearGradient
            colors={
              Array [
                4285164245,
                4285499097,
              ]
            }
            end={
              Object {
                "x": 1,
                "y": 1,
              }
            }
            locations={null}
            start={
              Object {
                "x": 0.5,
                "y": 1,
              }
            }
            style={
              Array [
                Object {
                  "alignItems": "center",
                  "flex": 1,
                  "flexDirection": "row",
                  "justifyContent": "center",
                  "paddingHorizontal": 40,
                },
                Object {
                  "backgroundColor": "transparent",
                  "borderRadius": 25,
                },
              ]
            }>
            <Text
              accessible={true}
              allowFontScaling={true}
              ellipsizeMode="tail"
              style={
                Array [
                  Object {
                    "fontFamily": undefined,
                  },
                  Array [
                    Object {
                      "fontSize": 12,
                      "letterSpacing": 1,
                    },
                    Object {
                      "color": "white",
                    },
                  ],
                ]
              }>
              NEXT
            </Text>
          </BVLinearGradient>
        </View>
      </View>
    </View>
  </View>
</View>
`;
