exports[`Home render 1`] = `
<View
  style={
    Object {
      "flex": 1,
    }
  }>
  <Image
    customSource={undefined}
    source={null}
    style={
      Array [
        Object {
          "resizeMode": "cover",
        },
        Object {
          "alignItems": "center",
          "height": undefined,
          "justifyContent": "center",
          "width": undefined,
        },
      ]
    }
    user={
      Object {
        "facebookLinked": false,
        "id": 1,
        "name": "test",
        "sex": "M",
      }
    }>
    <View
      style={
        Object {
          "alignItems": "center",
          "height": undefined,
          "justifyContent": "center",
          "paddingVertical": 10,
          "width": undefined,
        }
      }>
      <Image
        source={
          Object {
            "uri": "http://graph.facebook.com/1/picture?width=200&height=200",
          }
        }
        style={
          Object {
            "borderRadius": 50,
            "height": 100,
            "width": 100,
          }
        } />
      <View
        style={
          Object {
            "alignItems": "center",
            "flexDirection": "row",
            "justifyContent": "center",
            "padding": 10,
            "width": 200,
          }
        }>
        <Text
          accessible={true}
          allowFontScaling={true}
          ellipsizeMode="tail"
          numberOfLines={1}
          style={
            Object {
              "color": "white",
              "fontSize": 20,
              "fontWeight": "bold",
            }
          }>
          TEST
        </Text>
        <View
          accessibilityComponentType={undefined}
          accessibilityLabel={undefined}
          accessibilityTraits={undefined}
          accessible={true}
          hitSlop={undefined}
          onLayout={undefined}
          onResponderGrant={[Function]}
          onResponderMove={[Function]}
          onResponderRelease={[Function]}
          onResponderTerminate={[Function]}
          onResponderTerminationRequest={[Function]}
          onStartShouldSetResponder={[Function]}
          style={
            Object {
              "opacity": 1,
            }
          }
          testID={undefined}>
          <Image
            source={1}
            style={
              Object {
                "backgroundColor": "transparent",
                "height": 20,
                "marginLeft": 10,
                "width": 20,
              }
            } />
        </View>
      </View>
      <View
        style={
          Object {
            "alignItems": "center",
            "flexDirection": "row",
            "justifyContent": "center",
          }
        }>
        <View
          accessibilityComponentType={undefined}
          accessibilityLabel={undefined}
          accessibilityTraits={undefined}
          accessible={true}
          hitSlop={undefined}
          onLayout={undefined}
          onResponderGrant={[Function]}
          onResponderMove={[Function]}
          onResponderRelease={[Function]}
          onResponderTerminate={[Function]}
          onResponderTerminationRequest={[Function]}
          onStartShouldSetResponder={[Function]}
          style={
            Object {
              "alignItems": "center",
              "borderColor": "rgba(255, 255, 255, 0.3)",
              "borderRightWidth": 1,
              "opacity": 1,
              "paddingLeft": 20,
              "paddingRight": 20,
            }
          }
          testID={undefined}>
          <View
            style={
              Object {
                "alignItems": "center",
                "backgroundColor": "rgba(0, 0, 0, 0.2)",
                "borderRadius": 5,
                "minWidth": 60,
                "paddingBottom": 3,
                "paddingLeft": 10,
                "paddingRight": 10,
                "paddingTop": 3,
              }
            }>
            <Text
              accessible={true}
              allowFontScaling={true}
              ellipsizeMode="tail"
              style={
                Object {
                  "color": "white",
                  "fontWeight": "bold",
                }
              }>
              1,800
            </Text>
          </View>
          <Text
            accessible={true}
            allowFontScaling={true}
            ellipsizeMode="tail"
            style={
              Object {
                "color": "white",
                "fontWeight": "bold",
              }
            }>
            ผู้ติดตาม
          </Text>
        </View>
        <View
          accessibilityComponentType={undefined}
          accessibilityLabel={undefined}
          accessibilityTraits={undefined}
          accessible={true}
          hitSlop={undefined}
          onLayout={undefined}
          onResponderGrant={[Function]}
          onResponderMove={[Function]}
          onResponderRelease={[Function]}
          onResponderTerminate={[Function]}
          onResponderTerminationRequest={[Function]}
          onStartShouldSetResponder={[Function]}
          style={
            Object {
              "alignItems": "center",
              "borderColor": "rgba(255, 255, 255, 0.3)",
              "borderRightWidth": 1,
              "opacity": 1,
              "paddingLeft": 20,
              "paddingRight": 20,
            }
          }
          testID={undefined}>
          <View
            style={
              Object {
                "alignItems": "center",
                "backgroundColor": "rgba(0, 0, 0, 0.2)",
                "borderRadius": 5,
                "minWidth": 60,
                "paddingBottom": 3,
                "paddingLeft": 10,
                "paddingRight": 10,
                "paddingTop": 3,
              }
            }>
            <Text
              accessible={true}
              allowFontScaling={true}
              ellipsizeMode="tail"
              style={
                Object {
                  "color": "white",
                  "fontWeight": "bold",
                }
              }>
              1,800
            </Text>
          </View>
          <Text
            accessible={true}
            allowFontScaling={true}
            ellipsizeMode="tail"
            style={
              Object {
                "color": "white",
                "fontWeight": "bold",
              }
            }>
            กำลังติดตาม
          </Text>
        </View>
        <View
          accessibilityComponentType={undefined}
          accessibilityLabel={undefined}
          accessibilityTraits={undefined}
          accessible={true}
          hitSlop={undefined}
          onLayout={undefined}
          onResponderGrant={[Function]}
          onResponderMove={[Function]}
          onResponderRelease={[Function]}
          onResponderTerminate={[Function]}
          onResponderTerminationRequest={[Function]}
          onStartShouldSetResponder={[Function]}
          style={
            Object {
              "alignItems": "center",
              "borderColor": "rgba(255, 255, 255, 0.3)",
              "borderRightWidth": 0,
              "opacity": 1,
              "paddingLeft": 20,
              "paddingRight": 20,
            }
          }
          testID={undefined}>
          <View
            style={
              Object {
                "alignItems": "center",
                "backgroundColor": "rgba(0, 0, 0, 0.2)",
                "borderRadius": 5,
                "minWidth": 60,
                "paddingBottom": 3,
                "paddingLeft": 10,
                "paddingRight": 10,
                "paddingTop": 3,
              }
            }>
            <Text
              accessible={true}
              allowFontScaling={true}
              ellipsizeMode="tail"
              style={
                Object {
                  "color": "white",
                  "fontWeight": "bold",
                }
              }>
              1,890
            </Text>
          </View>
          <Text
            accessible={true}
            allowFontScaling={true}
            ellipsizeMode="tail"
            style={
              Object {
                "color": "white",
                "fontWeight": "bold",
              }
            }>
            Candys
          </Text>
        </View>
      </View>
    </View>
  </Image>
  <View
    style={
      Object {
        "backgroundColor": "white",
        "flex": 1,
      }
    }>
    <ScrollView
      onScroll={[Function]}>
      <ScrollView
        contentInset={
          Object {
            "bottom": 0,
            "top": 0,
          }
        }
        data={
          Array [
            Object {
              "icon": 1,
              "name": "bookmark",
              "title": "Bookmark",
            },
            Object {
              "icon": 1,
              "name": "myclog",
              "title": "Clog ของฉัน",
            },
            Object {
              "icon": 1,
              "name": "myfan",
              "title": "แฟนคลับของฉัน",
            },
            Object {
              "icon": 1,
              "name": "jellyShop",
              "title": "Jelly Shop",
            },
            Object {
              "icon": 1,
              "name": "activity",
              "title": "กิจกรรม",
            },
            Object {
              "icon": 1,
              "name": "logout",
              "title": "Logout",
            },
          ]
        }
        dataSource={
          ListViewDataSource {
            "items": 6,
          }
        }
        initialListSize={1}
        minContentHeight={0}
        onContentSizeChange={[Function]}
        onEndReachedThreshold={1000}
        onKeyboardDidHide={undefined}
        onKeyboardDidShow={undefined}
        onKeyboardWillHide={undefined}
        onKeyboardWillShow={undefined}
        onLayout={[Function]}
        onScroll={[Function]}
        pageSize={1}
        removeClippedSubviews={true}
        renderEmptyList={null}
        renderFooter={[Function]}
        renderRow={[Function]}
        renderSeparator={[Function]}
        scrollEventThrottle={50}
        scrollRenderAheadDistance={1000}
        stickyHeaderIndices={Array []}
        title="Profile">
        <View
          accessibilityComponentType={undefined}
          accessibilityLabel={undefined}
          accessibilityTraits={undefined}
          accessible={true}
          hitSlop={undefined}
          onLayout={undefined}
          onResponderGrant={[Function]}
          onResponderMove={[Function]}
          onResponderRelease={[Function]}
          onResponderTerminate={[Function]}
          onResponderTerminationRequest={[Function]}
          onStartShouldSetResponder={[Function]}
          style={
            Object {
              "opacity": 1,
            }
          }
          testID={undefined}>
          <View
            style={
              Object {
                "flex": 1,
                "flexDirection": "row",
                "padding": 15,
              }
            }>
            <Image
              source={1}
              style={
                Object {
                  "height": 20,
                  "resizeMode": "contain",
                  "width": 20,
                }
              } />
            <Text
              accessible={true}
              allowFontScaling={true}
              ellipsizeMode="tail"
              style={
                Object {
                  "paddingLeft": 20,
                }
              }>
              Bookmark
            </Text>
          </View>
        </View>
        <View
          style={
            Object {
              "backgroundColor": "#eeeeee",
              "height": 1,
            }
          } />
      </ScrollView>
    </ScrollView>
  </View>
  <View
    style={
      Object {
        "alignItems": "center",
        "flex": 1,
        "flexDirection": "row",
        "justifyContent": "center",
        "left": 0,
        "position": "absolute",
        "top": 20,
      }
    }>
    <Image
      source={1}
      style={
        Object {
          "height": 15,
          "marginLeft": 5,
          "marginRight": 5,
          "width": 15,
        }
      } />
    <View
      style={
        Object {
          "backgroundColor": "rgba(255, 255, 255, 0.1)",
          "borderColor": "white",
          "borderRadius": 5,
          "borderWidth": 1,
          "paddingBottom": 2,
          "paddingLeft": 5,
          "paddingRight": 5,
          "paddingTop": 2,
        }
      }>
      <Text
        accessible={true}
        allowFontScaling={true}
        ellipsizeMode="tail"
        style={
          Object {
            "color": "white",
            "fontSize": 13,
          }
        }>
        1,890
      </Text>
    </View>
  </View>
</View>
`;

exports[`Home renderMenu 1`] = `
<View
  accessibilityComponentType={undefined}
  accessibilityLabel={undefined}
  accessibilityTraits={undefined}
  accessible={true}
  hitSlop={undefined}
  onLayout={undefined}
  onResponderGrant={[Function]}
  onResponderMove={[Function]}
  onResponderRelease={[Function]}
  onResponderTerminate={[Function]}
  onResponderTerminationRequest={[Function]}
  onStartShouldSetResponder={[Function]}
  style={
    Object {
      "opacity": 1,
    }
  }
  testID={undefined}>
  <View
    style={
      Object {
        "flex": 1,
        "flexDirection": "row",
        "padding": 15,
      }
    }>
    <Image
      source={undefined}
      style={
        Object {
          "height": 20,
          "resizeMode": "contain",
          "width": 20,
        }
      } />
    <Text
      accessible={true}
      allowFontScaling={true}
      ellipsizeMode="tail"
      style={
        Object {
          "paddingLeft": 20,
        }
      } />
  </View>
</View>
`;
