exports[`SecureContainer render authen screen 1`] = `
<View
  style={
    Array [
      Object {
        "alignItems": "center",
        "backgroundColor": "rgb(250, 250, 250)",
        "flex": 1,
      },
      undefined,
    ]
  }>
  <View
    style={
      Object {
        "flex": 1,
      }
    } />
  <View
    style={
      Object {
        "flex": 8,
      }
    }>
    <Text
      accessible={true}
      allowFontScaling={true}
      ellipsizeMode="tail"
      style={
        Object {
          "alignSelf": "center",
          "color": "red",
          "margin": 10,
        }
      } />
    <View
      style={
        Object {
          "backgroundColor": "rgba(255, 255, 255, 0.8)",
          "borderColor": "#eeeeee",
          "borderRadius": 10,
          "borderWidth": 0.5,
          "height": 80,
          "padding": 20,
          "width": 300,
        }
      }>
      <TextInput
        onChangeText={[Function]}
        placeholder="current password"
        secureTextEntry={true}
        style={
          Object {
            "flex": 1,
            "height": 40,
          }
        }
        value="" />
    </View>
    <View
      style={
        Object {
          "padding": 60,
        }
      }>
      <View
        accessibilityComponentType={undefined}
        accessibilityLabel={undefined}
        accessibilityTraits="button"
        accessible={true}
        hitSlop={undefined}
        onLayout={undefined}
        onResponderGrant={[Function]}
        onResponderMove={[Function]}
        onResponderRelease={[Function]}
        onResponderTerminate={[Function]}
        onResponderTerminationRequest={[Function]}
        onStartShouldSetResponder={[Function]}
        style={
          Object {
            "height": 50,
            "opacity": 1,
          }
        }
        testID={undefined}>
        <BVLinearGradient
          colors={
            Array [
              4285164245,
              4285499097,
            ]
          }
          end={
            Object {
              "x": 1,
              "y": 1,
            }
          }
          locations={null}
          start={
            Object {
              "x": 0.5,
              "y": 1,
            }
          }
          style={
            Array [
              Object {
                "alignItems": "center",
                "flex": 1,
                "flexDirection": "row",
                "justifyContent": "center",
                "paddingHorizontal": 40,
              },
              Object {
                "backgroundColor": "transparent",
                "borderRadius": 25,
              },
            ]
          }>
          <Text
            accessible={true}
            allowFontScaling={true}
            ellipsizeMode="tail"
            style={
              Array [
                Object {
                  "fontFamily": undefined,
                },
                Array [
                  Object {
                    "fontSize": 12,
                    "letterSpacing": 1,
                  },
                  Object {
                    "color": "white",
                  },
                ],
              ]
            }>
            NEXT
          </Text>
        </BVLinearGradient>
      </View>
    </View>
  </View>
</View>
`;
